# serializer version: 1
# name: test_init_module_names_snapshot
  list([
    'App_java.md',
    'Dockerfile.md',
    '_env.md',
    'app_cs.md',
    'app_js.md',
    'app_rb.md',
    'app_ts.md',
    'config_ini.md',
    'config_sample_py.md',
    'docker-compose_yml.md',
    'java_com_example_app_AppController_java.md',
    'java_com_example_app_service_UserService_java.md',
    'k8s_deployment_yaml.md',
    'lib_rs.md',
    'main_go.md',
    'main_tf.md',
    'plugin_js.md',
    'schema_plsql.md',
    'schema_sql.md',
    'script_sh.md',
  ])
# ---
# name: test_languages_filter_only_indexes_python
  list([
    'config_sample_py.md',
  ])
# ---
